  console.info
    lex SELECT @main .productName ,@main .pairID ,@main .is_active ,@main .unit-price ,@main .ProductMetadata FROM test-data /shallow .json as @main JOIN test-data /shallow .json as @sub ON @main .pairID = @sub .id

      at Logger.info (src/utils/logger.ts:44:15)

  console.info
    parseSelectArgs SELECT @main .productName ,@main .pairID ,@main .is_active ,@main .unit-price ,@main .ProductMetadata FROM test-data /shallow .json as @main JOIN test-data /shallow .json as @sub ON @main .pairID = @sub .id

      at Logger.info (src/utils/logger.ts:44:15)

  console.debug
    Parsed property FieldProperty {
      __type: 'property',
      alias: null,
      source: '@main',
      field: 'productName'
    } ,@main .pairID ,@main .is_active ,@main .unit-price ,@main .ProductMetadata FROM test-data /shallow .json as @main JOIN test-data /shallow .json as @sub ON @main .pairID = @sub .id

      at Logger.debug (src/utils/logger.ts:50:15)

  console.debug
    Parsed property FieldProperty {
      __type: 'property',
      alias: null,
      source: '@main',
      field: 'pairID'
    } ,@main .is_active ,@main .unit-price ,@main .ProductMetadata FROM test-data /shallow .json as @main JOIN test-data /shallow .json as @sub ON @main .pairID = @sub .id

      at Logger.debug (src/utils/logger.ts:50:15)

  console.debug
    Parsed property FieldProperty {
      __type: 'property',
      alias: null,
      source: '@main',
      field: 'is_active'
    } ,@main .unit-price ,@main .ProductMetadata FROM test-data /shallow .json as @main JOIN test-data /shallow .json as @sub ON @main .pairID = @sub .id

      at Logger.debug (src/utils/logger.ts:50:15)

  console.debug
    Parsed property FieldProperty {
      __type: 'property',
      alias: null,
      source: '@main',
      field: 'unit-price'
    } ,@main .ProductMetadata FROM test-data /shallow .json as @main JOIN test-data /shallow .json as @sub ON @main .pairID = @sub .id

      at Logger.debug (src/utils/logger.ts:50:15)

  console.debug
    Parsed property FieldProperty {
      __type: 'property',
      alias: null,
      source: '@main',
      field: 'ProductMetadata'
    } FROM test-data /shallow .json as @main JOIN test-data /shallow .json as @sub ON @main .pairID = @sub .id

      at Logger.debug (src/utils/logger.ts:50:15)

  console.debug
    Alias is main

      at Logger.debug (src/utils/logger.ts:50:15)

  console.debug
    File is a path FileDataSource {
      __type: 'DataSource',
      filePath: 'test-data/shallow.json',
      alias: '@main'
    }

      at Logger.debug (src/utils/logger.ts:50:15)

  console.debug
    Alias is sub

      at Logger.debug (src/utils/logger.ts:50:15)

  console.debug
    File is a path FileDataSource {
      __type: 'DataSource',
      filePath: 'test-data/shallow.json',
      alias: '@sub'
    }

      at Logger.debug (src/utils/logger.ts:50:15)

  console.debug
    Stream is done

      at Logger.debug (src/utils/logger.ts:50:15)

  console.debug
    Stream is done

      at Logger.debug (src/utils/logger.ts:50:15)

  console.debug
    Stream is done

      at Logger.debug (src/utils/logger.ts:50:15)

  console.debug
    Stream is done

      at Logger.debug (src/utils/logger.ts:50:15)

  console.info
    Executing AST {
      all: false,
      fields: [
        FieldProperty {
          __type: 'property',
          alias: null,
          source: '@main',
          field: 'productName'
        },
        FieldProperty {
          __type: 'property',
          alias: null,
          source: '@main',
          field: 'pairID'
        },
        FieldProperty {
          __type: 'property',
          alias: null,
          source: '@main',
          field: 'is_active'
        },
        FieldProperty {
          __type: 'property',
          alias: null,
          source: '@main',
          field: 'unit-price'
        },
        FieldProperty {
          __type: 'property',
          alias: null,
          source: '@main',
          field: 'ProductMetadata'
        }
      ],
      joinFiles: { '@sub': { where: [FilterFunction], source: [FileDataSource] } },
      order: undefined,
      variables: {},
      intoName: undefined,
      next: null,
      mainfile: FileDataSource {
        __type: 'DataSource',
        filePath: 'test-data/shallow.json',
        alias: '@main'
      }
    }

      at Logger.info (src/utils/logger.ts:44:15)

  console.info
    Sources [
      {
        source: '@main',
        data: [ [Object], [Object], [Object], [Object], [Object] ]
      },
      {
        source: '@sub',
        where: FilterFunction {
          left: [FieldProperty],
          operator: '=',
          right: [FieldProperty]
        },
        data: [ [Object], [Object], [Object], [Object], [Object] ]
      }
    ]

      at Logger.info (src/utils/logger.ts:44:15)

  console.info
    Filter result {
      '@main': {
        id: 1,
        pairID: 3,
        productName: 'First Item',
        is_active: true,
        'unit-price': 19.99,
        tags: [ 'new', 'featured' ],
        ProductMetadata: { color_code: 'blue', itemSize: 'medium' }
      },
      '@sub': {
        id: 1,
        pairID: 3,
        productName: 'First Item',
        is_active: true,
        'unit-price': 19.99,
        tags: [ 'new', 'featured' ],
        ProductMetadata: { color_code: 'blue', itemSize: 'medium' }
      }
    } false

      at Logger.info (src/utils/logger.ts:44:15)

  console.info
    Filter result {
      '@main': {
        id: 2,
        pairID: 5,
        productName: 'Second Item',
        is_active: false,
        'unit-price': 29.99,
        tags: [ 'sale', 'limited' ],
        ProductMetadata: { color_code: 'red', itemSize: 'large' }
      },
      '@sub': {
        id: 1,
        pairID: 3,
        productName: 'First Item',
        is_active: true,
        'unit-price': 19.99,
        tags: [ 'new', 'featured' ],
        ProductMetadata: { color_code: 'blue', itemSize: 'medium' }
      }
    } false

      at Logger.info (src/utils/logger.ts:44:15)

  console.info
    Filter result {
      '@main': {
        id: 3,
        pairID: 1,
        productName: 'Third Item',
        is_active: true,
        'unit-price': 15.5,
        tags: [ 'clearance' ],
        ProductMetadata: { color_code: 'green', itemSize: 'small' }
      },
      '@sub': {
        id: 1,
        pairID: 3,
        productName: 'First Item',
        is_active: true,
        'unit-price': 19.99,
        tags: [ 'new', 'featured' ],
        ProductMetadata: { color_code: 'blue', itemSize: 'medium' }
      }
    } true

      at Logger.info (src/utils/logger.ts:44:15)

  console.info
    Filter result {
      '@main': {
        id: 4,
        pairID: null,
        productName: 'Fourth Item',
        is_active: true,
        'unit-price': 45,
        tags: [ 'premium', 'new-arrival' ],
        ProductMetadata: { color_code: 'black', itemSize: 'xl' }
      },
      '@sub': {
        id: 1,
        pairID: 3,
        productName: 'First Item',
        is_active: true,
        'unit-price': 19.99,
        tags: [ 'new', 'featured' ],
        ProductMetadata: { color_code: 'blue', itemSize: 'medium' }
      }
    } false

      at Logger.info (src/utils/logger.ts:44:15)

  console.info
    Filter result {
      '@main': {
        id: 5,
        pairID: 2,
        productName: 'Fifth Item',
        is_active: false,
        'unit-price': 9.99,
        tags: [ 'last-chance', 'budget-friendly' ],
        ProductMetadata: { color_code: 'white', itemSize: 'xs' }
      },
      '@sub': {
        id: 1,
        pairID: 3,
        productName: 'First Item',
        is_active: true,
        'unit-price': 19.99,
        tags: [ 'new', 'featured' ],
        ProductMetadata: { color_code: 'blue', itemSize: 'medium' }
      }
    } false

      at Logger.info (src/utils/logger.ts:44:15)

  console.info
    Filter result {
      '@main': {
        id: 1,
        pairID: 3,
        productName: 'First Item',
        is_active: true,
        'unit-price': 19.99,
        tags: [ 'new', 'featured' ],
        ProductMetadata: { color_code: 'blue', itemSize: 'medium' }
      },
      '@sub': {
        id: 2,
        pairID: 5,
        productName: 'Second Item',
        is_active: false,
        'unit-price': 29.99,
        tags: [ 'sale', 'limited' ],
        ProductMetadata: { color_code: 'red', itemSize: 'large' }
      }
    } false

      at Logger.info (src/utils/logger.ts:44:15)

  console.info
    Filter result {
      '@main': {
        id: 2,
        pairID: 5,
        productName: 'Second Item',
        is_active: false,
        'unit-price': 29.99,
        tags: [ 'sale', 'limited' ],
        ProductMetadata: { color_code: 'red', itemSize: 'large' }
      },
      '@sub': {
        id: 2,
        pairID: 5,
        productName: 'Second Item',
        is_active: false,
        'unit-price': 29.99,
        tags: [ 'sale', 'limited' ],
        ProductMetadata: { color_code: 'red', itemSize: 'large' }
      }
    } false

      at Logger.info (src/utils/logger.ts:44:15)

  console.info
    Filter result {
      '@main': {
        id: 3,
        pairID: 1,
        productName: 'Third Item',
        is_active: true,
        'unit-price': 15.5,
        tags: [ 'clearance' ],
        ProductMetadata: { color_code: 'green', itemSize: 'small' }
      },
      '@sub': {
        id: 2,
        pairID: 5,
        productName: 'Second Item',
        is_active: false,
        'unit-price': 29.99,
        tags: [ 'sale', 'limited' ],
        ProductMetadata: { color_code: 'red', itemSize: 'large' }
      }
    } false

      at Logger.info (src/utils/logger.ts:44:15)

  console.info
    Filter result {
      '@main': {
        id: 4,
        pairID: null,
        productName: 'Fourth Item',
        is_active: true,
        'unit-price': 45,
        tags: [ 'premium', 'new-arrival' ],
        ProductMetadata: { color_code: 'black', itemSize: 'xl' }
      },
      '@sub': {
        id: 2,
        pairID: 5,
        productName: 'Second Item',
        is_active: false,
        'unit-price': 29.99,
        tags: [ 'sale', 'limited' ],
        ProductMetadata: { color_code: 'red', itemSize: 'large' }
      }
    } false

      at Logger.info (src/utils/logger.ts:44:15)

  console.info
    Filter result {
      '@main': {
        id: 5,
        pairID: 2,
        productName: 'Fifth Item',
        is_active: false,
        'unit-price': 9.99,
        tags: [ 'last-chance', 'budget-friendly' ],
        ProductMetadata: { color_code: 'white', itemSize: 'xs' }
      },
      '@sub': {
        id: 2,
        pairID: 5,
        productName: 'Second Item',
        is_active: false,
        'unit-price': 29.99,
        tags: [ 'sale', 'limited' ],
        ProductMetadata: { color_code: 'red', itemSize: 'large' }
      }
    } true

      at Logger.info (src/utils/logger.ts:44:15)

  console.info
    Filter result {
      '@main': {
        id: 3,
        pairID: 1,
        productName: 'Third Item',
        is_active: true,
        'unit-price': 15.5,
        tags: [ 'clearance' ],
        ProductMetadata: { color_code: 'green', itemSize: 'small' }
      },
      '@sub': {
        id: 2,
        pairID: 5,
        productName: 'Second Item',
        is_active: false,
        'unit-price': 29.99,
        tags: [ 'sale', 'limited' ],
        ProductMetadata: { color_code: 'red', itemSize: 'large' }
      }
    } false

      at Logger.info (src/utils/logger.ts:44:15)

  console.info
    Filter result {
      '@main': {
        id: 1,
        pairID: 3,
        productName: 'First Item',
        is_active: true,
        'unit-price': 19.99,
        tags: [ 'new', 'featured' ],
        ProductMetadata: { color_code: 'blue', itemSize: 'medium' }
      },
      '@sub': {
        id: 3,
        pairID: 1,
        productName: 'Third Item',
        is_active: true,
        'unit-price': 15.5,
        tags: [ 'clearance' ],
        ProductMetadata: { color_code: 'green', itemSize: 'small' }
      }
    } true

      at Logger.info (src/utils/logger.ts:44:15)

  console.info
    Filter result {
      '@main': {
        id: 2,
        pairID: 5,
        productName: 'Second Item',
        is_active: false,
        'unit-price': 29.99,
        tags: [ 'sale', 'limited' ],
        ProductMetadata: { color_code: 'red', itemSize: 'large' }
      },
      '@sub': {
        id: 3,
        pairID: 1,
        productName: 'Third Item',
        is_active: true,
        'unit-price': 15.5,
        tags: [ 'clearance' ],
        ProductMetadata: { color_code: 'green', itemSize: 'small' }
      }
    } false

      at Logger.info (src/utils/logger.ts:44:15)

  console.info
    Filter result {
      '@main': {
        id: 3,
        pairID: 1,
        productName: 'Third Item',
        is_active: true,
        'unit-price': 15.5,
        tags: [ 'clearance' ],
        ProductMetadata: { color_code: 'green', itemSize: 'small' }
      },
      '@sub': {
        id: 3,
        pairID: 1,
        productName: 'Third Item',
        is_active: true,
        'unit-price': 15.5,
        tags: [ 'clearance' ],
        ProductMetadata: { color_code: 'green', itemSize: 'small' }
      }
    } false

      at Logger.info (src/utils/logger.ts:44:15)

  console.info
    Filter result {
      '@main': {
        id: 4,
        pairID: null,
        productName: 'Fourth Item',
        is_active: true,
        'unit-price': 45,
        tags: [ 'premium', 'new-arrival' ],
        ProductMetadata: { color_code: 'black', itemSize: 'xl' }
      },
      '@sub': {
        id: 3,
        pairID: 1,
        productName: 'Third Item',
        is_active: true,
        'unit-price': 15.5,
        tags: [ 'clearance' ],
        ProductMetadata: { color_code: 'green', itemSize: 'small' }
      }
    } false

      at Logger.info (src/utils/logger.ts:44:15)

  console.info
    Filter result {
      '@main': {
        id: 5,
        pairID: 2,
        productName: 'Fifth Item',
        is_active: false,
        'unit-price': 9.99,
        tags: [ 'last-chance', 'budget-friendly' ],
        ProductMetadata: { color_code: 'white', itemSize: 'xs' }
      },
      '@sub': {
        id: 3,
        pairID: 1,
        productName: 'Third Item',
        is_active: true,
        'unit-price': 15.5,
        tags: [ 'clearance' ],
        ProductMetadata: { color_code: 'green', itemSize: 'small' }
      }
    } false

      at Logger.info (src/utils/logger.ts:44:15)

  console.info
    Filter result {
      '@main': {
        id: 3,
        pairID: 1,
        productName: 'Third Item',
        is_active: true,
        'unit-price': 15.5,
        tags: [ 'clearance' ],
        ProductMetadata: { color_code: 'green', itemSize: 'small' }
      },
      '@sub': {
        id: 3,
        pairID: 1,
        productName: 'Third Item',
        is_active: true,
        'unit-price': 15.5,
        tags: [ 'clearance' ],
        ProductMetadata: { color_code: 'green', itemSize: 'small' }
      }
    } false

      at Logger.info (src/utils/logger.ts:44:15)

  console.info
    Filter result {
      '@main': {
        id: 5,
        pairID: 2,
        productName: 'Fifth Item',
        is_active: false,
        'unit-price': 9.99,
        tags: [ 'last-chance', 'budget-friendly' ],
        ProductMetadata: { color_code: 'white', itemSize: 'xs' }
      },
      '@sub': {
        id: 3,
        pairID: 1,
        productName: 'Third Item',
        is_active: true,
        'unit-price': 15.5,
        tags: [ 'clearance' ],
        ProductMetadata: { color_code: 'green', itemSize: 'small' }
      }
    } false

      at Logger.info (src/utils/logger.ts:44:15)

  console.info
    Filter result {
      '@main': {
        id: 1,
        pairID: 3,
        productName: 'First Item',
        is_active: true,
        'unit-price': 19.99,
        tags: [ 'new', 'featured' ],
        ProductMetadata: { color_code: 'blue', itemSize: 'medium' }
      },
      '@sub': {
        id: 4,
        pairID: null,
        productName: 'Fourth Item',
        is_active: true,
        'unit-price': 45,
        tags: [ 'premium', 'new-arrival' ],
        ProductMetadata: { color_code: 'black', itemSize: 'xl' }
      }
    } false

      at Logger.info (src/utils/logger.ts:44:15)

  console.info
    Filter result {
      '@main': {
        id: 2,
        pairID: 5,
        productName: 'Second Item',
        is_active: false,
        'unit-price': 29.99,
        tags: [ 'sale', 'limited' ],
        ProductMetadata: { color_code: 'red', itemSize: 'large' }
      },
      '@sub': {
        id: 4,
        pairID: null,
        productName: 'Fourth Item',
        is_active: true,
        'unit-price': 45,
        tags: [ 'premium', 'new-arrival' ],
        ProductMetadata: { color_code: 'black', itemSize: 'xl' }
      }
    } false

      at Logger.info (src/utils/logger.ts:44:15)

  console.info
    Filter result {
      '@main': {
        id: 3,
        pairID: 1,
        productName: 'Third Item',
        is_active: true,
        'unit-price': 15.5,
        tags: [ 'clearance' ],
        ProductMetadata: { color_code: 'green', itemSize: 'small' }
      },
      '@sub': {
        id: 4,
        pairID: null,
        productName: 'Fourth Item',
        is_active: true,
        'unit-price': 45,
        tags: [ 'premium', 'new-arrival' ],
        ProductMetadata: { color_code: 'black', itemSize: 'xl' }
      }
    } false

      at Logger.info (src/utils/logger.ts:44:15)

  console.info
    Filter result {
      '@main': {
        id: 4,
        pairID: null,
        productName: 'Fourth Item',
        is_active: true,
        'unit-price': 45,
        tags: [ 'premium', 'new-arrival' ],
        ProductMetadata: { color_code: 'black', itemSize: 'xl' }
      },
      '@sub': {
        id: 4,
        pairID: null,
        productName: 'Fourth Item',
        is_active: true,
        'unit-price': 45,
        tags: [ 'premium', 'new-arrival' ],
        ProductMetadata: { color_code: 'black', itemSize: 'xl' }
      }
    } false

      at Logger.info (src/utils/logger.ts:44:15)

  console.info
    Filter result {
      '@main': {
        id: 5,
        pairID: 2,
        productName: 'Fifth Item',
        is_active: false,
        'unit-price': 9.99,
        tags: [ 'last-chance', 'budget-friendly' ],
        ProductMetadata: { color_code: 'white', itemSize: 'xs' }
      },
      '@sub': {
        id: 4,
        pairID: null,
        productName: 'Fourth Item',
        is_active: true,
        'unit-price': 45,
        tags: [ 'premium', 'new-arrival' ],
        ProductMetadata: { color_code: 'black', itemSize: 'xl' }
      }
    } false

      at Logger.info (src/utils/logger.ts:44:15)

  console.info
    Filter result {
      '@main': {
        id: 3,
        pairID: 1,
        productName: 'Third Item',
        is_active: true,
        'unit-price': 15.5,
        tags: [ 'clearance' ],
        ProductMetadata: { color_code: 'green', itemSize: 'small' }
      },
      '@sub': {
        id: 4,
        pairID: null,
        productName: 'Fourth Item',
        is_active: true,
        'unit-price': 45,
        tags: [ 'premium', 'new-arrival' ],
        ProductMetadata: { color_code: 'black', itemSize: 'xl' }
      }
    } false

      at Logger.info (src/utils/logger.ts:44:15)

  console.info
    Filter result {
      '@main': {
        id: 5,
        pairID: 2,
        productName: 'Fifth Item',
        is_active: false,
        'unit-price': 9.99,
        tags: [ 'last-chance', 'budget-friendly' ],
        ProductMetadata: { color_code: 'white', itemSize: 'xs' }
      },
      '@sub': {
        id: 4,
        pairID: null,
        productName: 'Fourth Item',
        is_active: true,
        'unit-price': 45,
        tags: [ 'premium', 'new-arrival' ],
        ProductMetadata: { color_code: 'black', itemSize: 'xl' }
      }
    } false

      at Logger.info (src/utils/logger.ts:44:15)

  console.info
    Filter result {
      '@main': {
        id: 1,
        pairID: 3,
        productName: 'First Item',
        is_active: true,
        'unit-price': 19.99,
        tags: [ 'new', 'featured' ],
        ProductMetadata: { color_code: 'blue', itemSize: 'medium' }
      },
      '@sub': {
        id: 4,
        pairID: null,
        productName: 'Fourth Item',
        is_active: true,
        'unit-price': 45,
        tags: [ 'premium', 'new-arrival' ],
        ProductMetadata: { color_code: 'black', itemSize: 'xl' }
      }
    } false

      at Logger.info (src/utils/logger.ts:44:15)

  console.info
    Filter result {
      '@main': {
        id: 1,
        pairID: 3,
        productName: 'First Item',
        is_active: true,
        'unit-price': 19.99,
        tags: [ 'new', 'featured' ],
        ProductMetadata: { color_code: 'blue', itemSize: 'medium' }
      },
      '@sub': {
        id: 5,
        pairID: 2,
        productName: 'Fifth Item',
        is_active: false,
        'unit-price': 9.99,
        tags: [ 'last-chance', 'budget-friendly' ],
        ProductMetadata: { color_code: 'white', itemSize: 'xs' }
      }
    } false

      at Logger.info (src/utils/logger.ts:44:15)

  console.info
    Filter result {
      '@main': {
        id: 2,
        pairID: 5,
        productName: 'Second Item',
        is_active: false,
        'unit-price': 29.99,
        tags: [ 'sale', 'limited' ],
        ProductMetadata: { color_code: 'red', itemSize: 'large' }
      },
      '@sub': {
        id: 5,
        pairID: 2,
        productName: 'Fifth Item',
        is_active: false,
        'unit-price': 9.99,
        tags: [ 'last-chance', 'budget-friendly' ],
        ProductMetadata: { color_code: 'white', itemSize: 'xs' }
      }
    } true

      at Logger.info (src/utils/logger.ts:44:15)

  console.info
    Filter result {
      '@main': {
        id: 3,
        pairID: 1,
        productName: 'Third Item',
        is_active: true,
        'unit-price': 15.5,
        tags: [ 'clearance' ],
        ProductMetadata: { color_code: 'green', itemSize: 'small' }
      },
      '@sub': {
        id: 5,
        pairID: 2,
        productName: 'Fifth Item',
        is_active: false,
        'unit-price': 9.99,
        tags: [ 'last-chance', 'budget-friendly' ],
        ProductMetadata: { color_code: 'white', itemSize: 'xs' }
      }
    } false

      at Logger.info (src/utils/logger.ts:44:15)

  console.info
    Filter result {
      '@main': {
        id: 4,
        pairID: null,
        productName: 'Fourth Item',
        is_active: true,
        'unit-price': 45,
        tags: [ 'premium', 'new-arrival' ],
        ProductMetadata: { color_code: 'black', itemSize: 'xl' }
      },
      '@sub': {
        id: 5,
        pairID: 2,
        productName: 'Fifth Item',
        is_active: false,
        'unit-price': 9.99,
        tags: [ 'last-chance', 'budget-friendly' ],
        ProductMetadata: { color_code: 'white', itemSize: 'xs' }
      }
    } false

      at Logger.info (src/utils/logger.ts:44:15)

  console.info
    Filter result {
      '@main': {
        id: 5,
        pairID: 2,
        productName: 'Fifth Item',
        is_active: false,
        'unit-price': 9.99,
        tags: [ 'last-chance', 'budget-friendly' ],
        ProductMetadata: { color_code: 'white', itemSize: 'xs' }
      },
      '@sub': {
        id: 5,
        pairID: 2,
        productName: 'Fifth Item',
        is_active: false,
        'unit-price': 9.99,
        tags: [ 'last-chance', 'budget-friendly' ],
        ProductMetadata: { color_code: 'white', itemSize: 'xs' }
      }
    } false

      at Logger.info (src/utils/logger.ts:44:15)

  console.info
    Filter result {
      '@main': {
        id: 3,
        pairID: 1,
        productName: 'Third Item',
        is_active: true,
        'unit-price': 15.5,
        tags: [ 'clearance' ],
        ProductMetadata: { color_code: 'green', itemSize: 'small' }
      },
      '@sub': {
        id: 5,
        pairID: 2,
        productName: 'Fifth Item',
        is_active: false,
        'unit-price': 9.99,
        tags: [ 'last-chance', 'budget-friendly' ],
        ProductMetadata: { color_code: 'white', itemSize: 'xs' }
      }
    } false

      at Logger.info (src/utils/logger.ts:44:15)

  console.info
    Filter result {
      '@main': {
        id: 5,
        pairID: 2,
        productName: 'Fifth Item',
        is_active: false,
        'unit-price': 9.99,
        tags: [ 'last-chance', 'budget-friendly' ],
        ProductMetadata: { color_code: 'white', itemSize: 'xs' }
      },
      '@sub': {
        id: 5,
        pairID: 2,
        productName: 'Fifth Item',
        is_active: false,
        'unit-price': 9.99,
        tags: [ 'last-chance', 'budget-friendly' ],
        ProductMetadata: { color_code: 'white', itemSize: 'xs' }
      }
    } false

      at Logger.info (src/utils/logger.ts:44:15)

  console.info
    Filter result {
      '@main': {
        id: 1,
        pairID: 3,
        productName: 'First Item',
        is_active: true,
        'unit-price': 19.99,
        tags: [ 'new', 'featured' ],
        ProductMetadata: { color_code: 'blue', itemSize: 'medium' }
      },
      '@sub': {
        id: 5,
        pairID: 2,
        productName: 'Fifth Item',
        is_active: false,
        'unit-price': 9.99,
        tags: [ 'last-chance', 'budget-friendly' ],
        ProductMetadata: { color_code: 'white', itemSize: 'xs' }
      }
    } false

      at Logger.info (src/utils/logger.ts:44:15)

  console.info
    Meshed [
      {
        '@main': {
          id: 1,
          pairID: 3,
          productName: 'First Item',
          is_active: true,
          'unit-price': 19.99,
          tags: [Array],
          ProductMetadata: [Object]
        }
      },
      {
        '@main': {
          id: 2,
          pairID: 5,
          productName: 'Second Item',
          is_active: false,
          'unit-price': 29.99,
          tags: [Array],
          ProductMetadata: [Object]
        }
      },
      {
        '@main': {
          id: 3,
          pairID: 1,
          productName: 'Third Item',
          is_active: true,
          'unit-price': 15.5,
          tags: [Array],
          ProductMetadata: [Object]
        }
      },
      {
        '@main': {
          id: 4,
          pairID: null,
          productName: 'Fourth Item',
          is_active: true,
          'unit-price': 45,
          tags: [Array],
          ProductMetadata: [Object]
        }
      },
      {
        '@main': {
          id: 5,
          pairID: 2,
          productName: 'Fifth Item',
          is_active: false,
          'unit-price': 9.99,
          tags: [Array],
          ProductMetadata: [Object]
        }
      },
      {
        '@main': {
          id: 3,
          pairID: 1,
          productName: 'Third Item',
          is_active: true,
          'unit-price': 15.5,
          tags: [Array],
          ProductMetadata: [Object]
        },
        '@sub': {
          id: 1,
          pairID: 3,
          productName: 'First Item',
          is_active: true,
          'unit-price': 19.99,
          tags: [Array],
          ProductMetadata: [Object]
        }
      },
      {
        '@main': {
          id: 5,
          pairID: 2,
          productName: 'Fifth Item',
          is_active: false,
          'unit-price': 9.99,
          tags: [Array],
          ProductMetadata: [Object]
        },
        '@sub': {
          id: 2,
          pairID: 5,
          productName: 'Second Item',
          is_active: false,
          'unit-price': 29.99,
          tags: [Array],
          ProductMetadata: [Object]
        }
      },
      {
        '@main': {
          id: 1,
          pairID: 3,
          productName: 'First Item',
          is_active: true,
          'unit-price': 19.99,
          tags: [Array],
          ProductMetadata: [Object]
        },
        '@sub': {
          id: 3,
          pairID: 1,
          productName: 'Third Item',
          is_active: true,
          'unit-price': 15.5,
          tags: [Array],
          ProductMetadata: [Object]
        }
      },
      {
        '@main': {
          id: 2,
          pairID: 5,
          productName: 'Second Item',
          is_active: false,
          'unit-price': 29.99,
          tags: [Array],
          ProductMetadata: [Object]
        },
        '@sub': {
          id: 5,
          pairID: 2,
          productName: 'Fifth Item',
          is_active: false,
          'unit-price': 9.99,
          tags: [Array],
          ProductMetadata: [Object]
        }
      }
    ]

      at Logger.info (src/utils/logger.ts:44:15)

  console.info
    Filtered [
      {
        '@main': {
          id: 1,
          pairID: 3,
          productName: 'First Item',
          is_active: true,
          'unit-price': 19.99,
          tags: [Array],
          ProductMetadata: [Object]
        }
      },
      {
        '@main': {
          id: 2,
          pairID: 5,
          productName: 'Second Item',
          is_active: false,
          'unit-price': 29.99,
          tags: [Array],
          ProductMetadata: [Object]
        }
      },
      {
        '@main': {
          id: 3,
          pairID: 1,
          productName: 'Third Item',
          is_active: true,
          'unit-price': 15.5,
          tags: [Array],
          ProductMetadata: [Object]
        }
      },
      {
        '@main': {
          id: 4,
          pairID: null,
          productName: 'Fourth Item',
          is_active: true,
          'unit-price': 45,
          tags: [Array],
          ProductMetadata: [Object]
        }
      },
      {
        '@main': {
          id: 5,
          pairID: 2,
          productName: 'Fifth Item',
          is_active: false,
          'unit-price': 9.99,
          tags: [Array],
          ProductMetadata: [Object]
        }
      },
      {
        '@main': {
          id: 3,
          pairID: 1,
          productName: 'Third Item',
          is_active: true,
          'unit-price': 15.5,
          tags: [Array],
          ProductMetadata: [Object]
        },
        '@sub': {
          id: 1,
          pairID: 3,
          productName: 'First Item',
          is_active: true,
          'unit-price': 19.99,
          tags: [Array],
          ProductMetadata: [Object]
        }
      },
      {
        '@main': {
          id: 5,
          pairID: 2,
          productName: 'Fifth Item',
          is_active: false,
          'unit-price': 9.99,
          tags: [Array],
          ProductMetadata: [Object]
        },
        '@sub': {
          id: 2,
          pairID: 5,
          productName: 'Second Item',
          is_active: false,
          'unit-price': 29.99,
          tags: [Array],
          ProductMetadata: [Object]
        }
      },
      {
        '@main': {
          id: 1,
          pairID: 3,
          productName: 'First Item',
          is_active: true,
          'unit-price': 19.99,
          tags: [Array],
          ProductMetadata: [Object]
        },
        '@sub': {
          id: 3,
          pairID: 1,
          productName: 'Third Item',
          is_active: true,
          'unit-price': 15.5,
          tags: [Array],
          ProductMetadata: [Object]
        }
      },
      {
        '@main': {
          id: 2,
          pairID: 5,
          productName: 'Second Item',
          is_active: false,
          'unit-price': 29.99,
          tags: [Array],
          ProductMetadata: [Object]
        },
        '@sub': {
          id: 5,
          pairID: 2,
          productName: 'Fifth Item',
          is_active: false,
          'unit-price': 9.99,
          tags: [Array],
          ProductMetadata: [Object]
        }
      }
    ]

      at Logger.info (src/utils/logger.ts:44:15)

  console.debug
    Selecting data {
      rows: [
        { '@main': [Object] },
        { '@main': [Object] },
        { '@main': [Object] },
        { '@main': [Object] },
        { '@main': [Object] },
        { '@main': [Object], '@sub': [Object] },
        { '@main': [Object], '@sub': [Object] },
        { '@main': [Object], '@sub': [Object] },
        { '@main': [Object], '@sub': [Object] }
      ],
      fields: [
        FieldProperty {
          __type: 'property',
          alias: null,
          source: '@main',
          field: 'productName'
        },
        FieldProperty {
          __type: 'property',
          alias: null,
          source: '@main',
          field: 'pairID'
        },
        FieldProperty {
          __type: 'property',
          alias: null,
          source: '@main',
          field: 'is_active'
        },
        FieldProperty {
          __type: 'property',
          alias: null,
          source: '@main',
          field: 'unit-price'
        },
        FieldProperty {
          __type: 'property',
          alias: null,
          source: '@main',
          field: 'ProductMetadata'
        }
      ]
    }

      at Logger.debug (src/utils/logger.ts:50:15)

  console.info
    Mapped [
      {
        productName: 'First Item',
        pairID: 3,
        is_active: true,
        'unit-price': 19.99,
        ProductMetadata: { color_code: 'blue', itemSize: 'medium' }
      },
      {
        productName: 'Second Item',
        pairID: 5,
        is_active: false,
        'unit-price': 29.99,
        ProductMetadata: { color_code: 'red', itemSize: 'large' }
      },
      {
        productName: 'Third Item',
        pairID: 1,
        is_active: true,
        'unit-price': 15.5,
        ProductMetadata: { color_code: 'green', itemSize: 'small' }
      },
      {
        productName: 'Fourth Item',
        pairID: null,
        is_active: true,
        'unit-price': 45,
        ProductMetadata: { color_code: 'black', itemSize: 'xl' }
      },
      {
        productName: 'Fifth Item',
        pairID: 2,
        is_active: false,
        'unit-price': 9.99,
        ProductMetadata: { color_code: 'white', itemSize: 'xs' }
      },
      {
        productName: 'Third Item',
        pairID: 1,
        is_active: true,
        'unit-price': 15.5,
        ProductMetadata: { color_code: 'green', itemSize: 'small' }
      },
      {
        productName: 'Fifth Item',
        pairID: 2,
        is_active: false,
        'unit-price': 9.99,
        ProductMetadata: { color_code: 'white', itemSize: 'xs' }
      },
      {
        productName: 'First Item',
        pairID: 3,
        is_active: true,
        'unit-price': 19.99,
        ProductMetadata: { color_code: 'blue', itemSize: 'medium' }
      },
      {
        productName: 'Second Item',
        pairID: 5,
        is_active: false,
        'unit-price': 29.99,
        ProductMetadata: { color_code: 'red', itemSize: 'large' }
      }
    ]

      at Logger.info (src/utils/logger.ts:44:15)

